// Jest Snapshot v1, https://goo.gl/fbAQLP

exports[`Utilities/View applies className and attributes to View.Item 1`] = `"padding: 20px;"`;
